../Core/Src/main.c:94:5:main	8	static
../Core/Src/main.c:148:6:SystemClock_Config	88	static
../Core/Src/main.c:195:13:MX_TIM1_Init	96	static
../Core/Src/main.c:274:13:MX_TIM2_Init	64	static
../Core/Src/main.c:333:13:MX_TIM3_Init	64	static
../Core/Src/main.c:396:13:MX_USART1_UART_Init	8	static
../Core/Src/main.c:429:13:MX_GPIO_Init	40	static
../Core/Src/main.c:467:6:HAL_UART_RxCpltCallback	16	static
../Core/Src/main.c:519:6:Motor_Init	8	static
../Core/Src/main.c:526:6:Servo_SetAngle	32	static
../Core/Src/main.c:541:6:rotateMotor	16	static
../Core/Src/main.c:566:6:MotorA_Forward	8	static
../Core/Src/main.c:571:6:MotorA_Backward	8	static
../Core/Src/main.c:576:6:MotorA_Stop	8	static
../Core/Src/main.c:586:6:Error_Handler	4	static,ignoring_inline_asm
